<html>
<body>
<pre>
<h1>µVision Build Log</h1>
<h2>Tool Versions:</h2>
IDE-Version: µVision V5.35.0.0
Copyright (C) 2021 ARM Ltd and ARM Germany GmbH. All rights reserved.
License Information: 2 212, 22, LIC=----
 
Tool Versions:
Toolchain:       MDK-Lite  Version: 5.35.0.2
Toolchain Path:  C:\Keil_v5\ARM\ARMCC\Bin
C Compiler:      Armcc.exe V5.06 update 7 (build 960)
Assembler:       Armasm.exe V5.06 update 7 (build 960)
Linker/Locator:  ArmLink.exe V5.06 update 7 (build 960)
Library Manager: ArmAr.exe V5.06 update 7 (build 960)
Hex Converter:   FromElf.exe V5.06 update 7 (build 960)
CPU DLL:         SARMCM3.DLL V5.35.0.2
Dialog DLL:      DCM.DLL V1.17.3.0
Target DLL:      STLink\ST-LINKIII-KEIL_SWO.dll V3.0.9.0
Dialog DLL:      TCM.DLL V1.53.0.0
 
<h2>Project:</h2>
C:\Users\Andrewhany\Desktop\Smart_Lab_System\Security_Module\Security_Module\MDK-ARM\Project.uvprojx
Project File Date:  12/14/2022

<h2>Output:</h2>
*** Using Compiler 'V5.06 update 7 (build 960)', folder: 'C:\Keil_v5\ARM\ARMCC\Bin'
Build target 'Project'
compiling main.c...
../Core/Src/main.c(87): warning:  #188-D: enumerated type mixed with another type
  	HAL_GPIO_WritePin(RS_GPIO_Port, RS_Pin, rs);  // rs = 1 for data, rs=0 for command
../Core/Src/main.c(90): warning:  #188-D: enumerated type mixed with another type
  	HAL_GPIO_WritePin(D7_GPIO_Port, D7_Pin, ((data>>3)&0x01));
../Core/Src/main.c(91): warning:  #188-D: enumerated type mixed with another type
  	HAL_GPIO_WritePin(D6_GPIO_Port, D6_Pin, ((data>>2)&0x01));
../Core/Src/main.c(92): warning:  #188-D: enumerated type mixed with another type
  	HAL_GPIO_WritePin(D5_GPIO_Port, D5_Pin, ((data>>1)&0x01));
../Core/Src/main.c(93): warning:  #188-D: enumerated type mixed with another type
  	HAL_GPIO_WritePin(D4_GPIO_Port, D4_Pin, ((data>>0)&0x01));
../Core/Src/main.c(99): warning:  #188-D: enumerated type mixed with another type
  	HAL_GPIO_WritePin(EN_GPIO_Port, EN_Pin, 1);
../Core/Src/main.c(101): warning:  #188-D: enumerated type mixed with another type
  	HAL_GPIO_WritePin(EN_GPIO_Port, EN_Pin, 0);
../Core/Src/main.c(452): warning:  #223-D: function "sprintf" declared implicitly
  			sprintf((char*)str, "%s", user_appear);
../Core/Src/main.c(463): warning:  #223-D: function "sprintf" declared implicitly
  						sprintf((char*)str2, "%s", user_pass_appear);	// this should be LCD
../Core/Src/main.c(479): warning:  #223-D: function "sprintf" declared implicitly
  									sprintf((char*)str2, "%s", user_pass_appear);	// this should be LCD
../Core/Src/main.c(488): warning:  #223-D: function "sprintf" declared implicitly
  						sprintf((char*)str, "%s", Succ);
../Core/Src/main.c(492): warning:  #223-D: function "memcpy" declared implicitly
  						memcpy(user_appear, empty, sizeof (empty));
../Core/Src/main.c(522): warning:  #223-D: function "sprintf" declared implicitly
  										sprintf((char*)str, "%s", Failed);
../Core/Src/main.c(526): warning:  #223-D: function "memcpy" declared implicitly
  										memcpy(user_appear, empty, sizeof (empty));
../Core/Src/main.c(423): warning:  #177-D: variable "pass"  was declared but never referenced
  	char pass[4]="1234";
../Core/Src/main.c: 15 warnings, 0 errors
linking...
Program Size: Code=9712 RO-data=552 RW-data=16 ZI-data=1840  
FromELF: creating hex file...
"Project\Project.axf" - 0 Error(s), 15 Warning(s).

<h2>Software Packages used:</h2>

Package Vendor: ARM
                http://www.keil.com/pack/ARM.CMSIS.5.8.0.pack
                ARM.CMSIS.5.8.0
                CMSIS (Common Microcontroller Software Interface Standard)
   * Component: CORE Version: 5.5.0

Package Vendor: Keil
                http://www.keil.com/pack/Keil.STM32L4xx_DFP.2.6.1.pack
                Keil.STM32L4xx_DFP.2.6.1
                STMicroelectronics STM32L4 Series Device Support, Drivers and Examples

<h2>Collection of Component include folders:</h2>
  .\RTE\_Project
  C:\Keil_v5\ARM\CMSIS\5.8.0\CMSIS\Core\Include
  C:\Keil_v5\Keil\STM32L4xx_DFP\2.6.1\Drivers\CMSIS\Device\ST\STM32L4xx\Include

<h2>Collection of Component Files used:</h2>

   * Component: ARM::CMSIS:CORE:5.5.0
      Include file:  CMSIS\Core\Include\tz_context.h
Build Time Elapsed:  00:00:02
</pre>
</body>
</html>
